   115.8ms (setup:858): 2026-07-28 09:22:46
   115.9ms (setup:859): /usr/bin/pipx install gtts
   115.9ms (setup:860): pipx version is 1.4.3
   115.9ms (setup:861): Default python interpreter is '/usr/bin/python3'
   116.0ms (mkdir:74): creating directory /home/morpheus/.local/share/pipx/venvs
   116.5ms (mkdir:74): creating directory /home/morpheus/.local/bin
   116.8ms (mkdir:74): creating directory /home/morpheus/.local/share/man
   117.1ms (mkdir:74): creating directory /home/morpheus/.cache/pipx
   117.4ms (setup:870): Adding CACHEDIR.TAG to cache directory
   118.1ms (package_name_from_spec:370): Determined package name: gtts
   118.1ms (package_name_from_spec:371): Package name determined in 0.0s
   118.6ms (run_subprocess:168): running /usr/bin/python3 -m venv --without-pip /home/morpheus/.local/share/pipx/venvs/gtts
   163.8ms (run_subprocess:190): stdout:
   163.9ms (run_subprocess:192): stderr:
   163.9ms (run_subprocess:193): returncode: 0
   164.6ms (run_subprocess:168): running /usr/bin/python3 -m venv --clear /home/morpheus/.local/share/pipx/shared
  2916.7ms (run_subprocess:190): stdout:
  2916.8ms (run_subprocess:192): stderr:
  2916.8ms (run_subprocess:193): returncode: 0
  2917.0ms (run_subprocess:168): running <checking pip's availability>
  2931.9ms (run_subprocess:190): stdout: ModuleSpec(name='pip', loader=<_frozen_importlib_external.SourceFileLoader object at 0x7bbc19f6bef0>, origin='/home/morpheus/.local/share/pipx/shared/lib/python3.12/site-packages/pip/__init__.py', submodule_search_locations=['/home/morpheus/.local/share/pipx/shared/lib/python3.12/site-packages/pip'])
  2931.9ms (run_subprocess:193): returncode: 0
  2932.0ms (upgrade:98): Upgrading shared libraries in /home/morpheus/.local/share/pipx/shared
  2932.4ms (run_subprocess:168): running /home/morpheus/.local/share/pipx/shared/bin/python -m pip --no-input --disable-pip-version-check install --force-reinstall -q --upgrade pip >= 23.1
  4465.4ms (run_subprocess:190): stdout:
  4465.4ms (run_subprocess:192): stderr:
  4465.4ms (run_subprocess:193): returncode: 0
  4465.7ms (run_subprocess:168): running /home/morpheus/.local/share/pipx/venvs/gtts/bin/python -c import sysconfig; print(sysconfig.get_path('purelib'))
  4481.7ms (run_subprocess:190): stdout: /home/morpheus/.local/share/pipx/venvs/gtts/lib/python3.12/site-packages
  4481.8ms (run_subprocess:193): returncode: 0
  4481.9ms (run_subprocess:168): running /home/morpheus/.local/share/pipx/shared/bin/python -c import sysconfig; print(sysconfig.get_path('purelib'))
  4497.3ms (run_subprocess:190): stdout: /home/morpheus/.local/share/pipx/shared/lib/python3.12/site-packages
  4497.4ms (run_subprocess:193): returncode: 0
  4497.6ms (run_subprocess:168): running /home/morpheus/.local/share/pipx/venvs/gtts/bin/python --version
  4498.8ms (run_subprocess:190): stdout: Python 3.12.3
  4498.8ms (run_subprocess:192): stderr:
  4498.8ms (run_subprocess:193): returncode: 0
  4498.9ms (_parsed_package_to_package_or_url:137): cleaned package spec: gtts
  4499.2ms (run_subprocess:168): running /home/morpheus/.local/share/pipx/venvs/gtts/bin/python -m pip --no-input install gtts
  6406.8ms (run_subprocess:193): returncode: 0
  6407.1ms (run_subprocess:168): running <fetch_info_in_venv commands>
  6426.2ms (run_subprocess:190): stdout: {"sys_path": ["/usr/lib/python312.zip", "/usr/lib/python3.12", "/usr/lib/python3.12/lib-dynload", "/home/morpheus/.local/share/pipx/venvs/gtts/lib/python3.12/site-packages", "/home/morpheus/.local/share/pipx/shared/lib/python3.12/site-packages"], "python_version": "3.12.3", "environment": {"implementation_name": "cpython", "implementation_version": "3.12.3", "os_name": "posix", "platform_machine": "x86_64", "platform_release": "6.18.33.2-microsoft-standard-WSL2", "platform_system": "Linux", "platform_version": "#1 SMP PREEMPT_DYNAMIC Thu Jun 18 21:54:43 UTC 2026", "python_full_version": "3.12.3", "platform_python_implementation": "CPython", "python_version": "3.12", "sys_platform": "linux"}}
  6426.3ms (run_subprocess:193): returncode: 0
  6445.0ms (get_venv_metadata_for_package:339): get_venv_metadata_for_package: 38ms
  6445.1ms (_parsed_package_to_package_or_url:137): cleaned package spec: gtts
  6467.5ms (run_subprocess:168): running <checking pip's availability>
  6481.9ms (run_subprocess:190): stdout: ModuleSpec(name='pip', loader=<_frozen_importlib_external.SourceFileLoader object at 0x7feb46dffef0>, origin='/home/morpheus/.local/share/pipx/shared/lib/python3.12/site-packages/pip/__init__.py', submodule_search_locations=['/home/morpheus/.local/share/pipx/shared/lib/python3.12/site-packages/pip'])
  6481.9ms (run_subprocess:193): returncode: 0
  6482.0ms (run_subprocess:168): running <checking pip's availability>
  6496.3ms (run_subprocess:190): stdout: ModuleSpec(name='pip', loader=<_frozen_importlib_external.SourceFileLoader object at 0x72f4ac5ffef0>, origin='/home/morpheus/.local/share/pipx/shared/lib/python3.12/site-packages/pip/__init__.py', submodule_search_locations=['/home/morpheus/.local/share/pipx/shared/lib/python3.12/site-packages/pip'])
  6496.4ms (run_subprocess:193): returncode: 0
  6565.3ms (warn_if_not_on_path:466): ⚠️  Note: '/home/morpheus/.local/bin' is not on your PATH environment variable. These apps will not be globally accessible until your PATH is updated. Run
    `pipx ensurepath` to automatically add it, or manually modify your PATH in your shell's config file (i.e. ~/.bashrc).
  6565.5ms (cli:932): pipx finished.
